// Jest Snapshot v1, https://goo.gl/fbAQLP

exports[`component.UI.LightningInvoiceInput should render correctly 1`] = `
.c1 {
  box-sizing: border-box;
  margin: 0;
  min-width: 0;
  color: #959595;
  font-size: 11px;
  line-height: 1.4;
  margin-top: 4px;
}

.c0 {
  box-sizing: border-box;
  margin: 0;
  min-width: 0;
  -webkit-flex-direction: column;
  -ms-flex-direction: column;
  flex-direction: column;
  display: -webkit-box;
  display: -webkit-flex;
  display: -ms-flexbox;
  display: flex;
}

<form
  onKeyDown={[Function]}
  onReset={[Function]}
  onSubmit={[Function]}
>
  <div
    className="c0"
  >
    <textarea
      className="css-8hykkb"
      name="name"
      onBlur={[Function]}
      onChange={[Function]}
      onFocus={[Function]}
      required={false}
      rows={5}
      spellCheck="false"
      value=""
    />
    <div
      className="c1"
      color="gray"
      fontSize="s"
    >
      Paste a Lightning Payment Request or bitcoin Address here
    </div>
  </div>
</form>
`;
