// Jest Snapshot v1, https://goo.gl/fbAQLP

exports[`component.UI.Toggle should render correctly 1`] = `
.c3 {
  box-sizing: border-box;
  margin: 0;
  min-width: 0;
}

.c0 {
  box-sizing: border-box;
  margin: 0;
  min-width: 0;
  -webkit-align-items: center;
  -webkit-box-align: center;
  -ms-flex-align: center;
  align-items: center;
  display: -webkit-box;
  display: -webkit-flex;
  display: -ms-flexbox;
  display: flex;
}

.c2 {
  box-sizing: border-box;
  margin: 0;
  min-width: 0;
  -webkit-flex-direction: column;
  -ms-flex-direction: column;
  flex-direction: column;
  display: -webkit-box;
  display: -webkit-flex;
  display: -ms-flexbox;
  display: flex;
}

.c4 {
  margin-left: -24px;
  width: 8px;
  pointer-events: none;
  color: #959595;
}

.c1 input {
  cursor: pointer;
  color: transparent;
  text-shadow: 0 0 0 #ffffff;
}

<form
  onKeyDown={[Function]}
  onReset={[Function]}
  onSubmit={[Function]}
>
  <div
    aria-expanded={false}
    aria-haspopup="listbox"
    aria-labelledby="downshift-0-label"
    aria-owns={null}
    role="combobox"
    style={
      Object {
        "position": "relative",
      }
    }
  >
    <div
      className="c0"
    >
      <div
        className="c1 c2"
      >
        <div
          className="c0"
        >
          <input
            aria-activedescendant={null}
            aria-autocomplete="list"
            aria-controls={null}
            aria-labelledby="downshift-0-label"
            autoComplete="off"
            className="css-19p7jgh"
            id="downshift-0-input"
            name="name"
            onBlur={[Function]}
            onChange={[Function]}
            onFocus={[Function]}
            onKeyDown={[Function]}
            onMouseDown={[Function]}
            placeholder="Please select"
            value=""
          />
        </div>
      </div>
      <div
        className="c3"
      >
        <svg
          className="c4"
          height="1em"
          viewBox="6.295 8.295 12 7.41"
          width={8}
        >
          <path
            d="M18.295 9.705l-1.41-1.41-4.59 4.58-4.59-4.58-1.41 1.41 6 6z"
            fill="currentColor"
          />
        </svg>
      </div>
    </div>
  </div>
</form>
`;
