// Jest Snapshot v1, https://goo.gl/fbAQLP

exports[`component.UI.Card should render correctly 1`] = `
<ForwardRef
  as="section"
  sx={
    Object {
      "bg": "primaryColor",
      "borderRadius": "s",
      "boxShadow": "m",
      "color": "primaryText",
      "p": 3,
    }
  }
>
  content
</ForwardRef>
`;
